

================================================================
== Vivado HLS Report for 'FM_Synth'
================================================================
* Date:           Thu Apr  4 13:18:55 2019

* Version:        2017.2 (Build 1909853 on Thu Jun 15 18:55:24 MDT 2017)
* Project:        HLS_FMSYNTH
* Solution:       solution1
* Product family: zynq
* Target device:  xc7z100ffg900-2


================================================================
== Performance Estimates
================================================================
+ Timing (ns): 
    * Summary: 
    +--------+-------+----------+------------+
    |  Clock | Target| Estimated| Uncertainty|
    +--------+-------+----------+------------+
    |ap_clk  |  10.00|      8.59|        1.25|
    +--------+-------+----------+------------+

+ Latency (clock cycles): 
    * Summary: 
    +-----+-----+-----+-----+----------+
    |  Latency  |  Interval | Pipeline |
    | min | max | min | max |   Type   |
    +-----+-----+-----+-----+----------+
    |  151|  151|    1|    1| function |
    +-----+-----+-----+-----+----------+

    + Detail: 
        * Instance: 
        N/A

        * Loop: 
        N/A



================================================================
== Utilization Estimates
================================================================
* Summary: 
+-----------------+---------+-------+--------+--------+
|       Name      | BRAM_18K| DSP48E|   FF   |   LUT  |
+-----------------+---------+-------+--------+--------+
|DSP              |        -|      2|       -|       -|
|Expression       |        -|      -|    3553|    3844|
|FIFO             |        -|      -|       -|       -|
|Instance         |        0|     55|   20027|   19356|
|Memory           |       18|      -|      82|       8|
|Multiplexer      |        -|      -|       -|     102|
|Register         |        -|      -|    4637|    1772|
+-----------------+---------+-------+--------+--------+
|Total            |       18|     57|   28299|   25082|
+-----------------+---------+-------+--------+--------+
|Available        |     1510|   2020|  554800|  277400|
+-----------------+---------+-------+--------+--------+
|Utilization (%)  |        1|      2|       5|       9|
+-----------------+---------+-------+--------+--------+

+ Detail: 
    * Instance: 
    +---------------------------+-------------------------+---------+-------+------+------+
    |          Instance         |          Module         | BRAM_18K| DSP48E|  FF  |  LUT |
    +---------------------------+-------------------------+---------+-------+------+------+
    |FM_Synth_CTRL_BUS_s_axi_U  |FM_Synth_CTRL_BUS_s_axi  |        0|      0|   258|   424|
    |FM_Synth_fadd_32ncud_U1    |FM_Synth_fadd_32ncud     |        0|      2|   227|   404|
    |FM_Synth_fadd_32ncud_U2    |FM_Synth_fadd_32ncud     |        0|      2|   227|   404|
    |FM_Synth_fadd_32ncud_U3    |FM_Synth_fadd_32ncud     |        0|      2|   227|   404|
    |FM_Synth_fmul_32ndEe_U4    |FM_Synth_fmul_32ndEe     |        0|      3|   128|   320|
    |FM_Synth_fmul_32ndEe_U5    |FM_Synth_fmul_32ndEe     |        0|      3|   128|   320|
    |FM_Synth_fmul_32ndEe_U6    |FM_Synth_fmul_32ndEe     |        0|      3|   128|   320|
    |FM_Synth_fmul_32ndEe_U7    |FM_Synth_fmul_32ndEe     |        0|      3|   128|   320|
    |FM_Synth_fmul_32ndEe_U8    |FM_Synth_fmul_32ndEe     |        0|      3|   128|   320|
    |FM_Synth_fmul_32ndEe_U9    |FM_Synth_fmul_32ndEe     |        0|      3|   128|   320|
    |FM_Synth_fmul_32ndEe_U10   |FM_Synth_fmul_32ndEe     |        0|      3|   128|   320|
    |FM_Synth_fpext_32g8j_U16   |FM_Synth_fpext_32g8j     |        0|      0|   100|   143|
    |FM_Synth_fpext_32g8j_U17   |FM_Synth_fpext_32g8j     |        0|      0|   100|   143|
    |FM_Synth_mul_32s_lbW_U23   |FM_Synth_mul_32s_lbW     |        0|      4|   165|    50|
    |FM_Synth_mul_32s_lbW_U24   |FM_Synth_mul_32s_lbW     |        0|      4|   165|    50|
    |FM_Synth_mul_32s_lbW_U25   |FM_Synth_mul_32s_lbW     |        0|      4|   165|    50|
    |FM_Synth_mul_32s_lbW_U26   |FM_Synth_mul_32s_lbW     |        0|      4|   165|    50|
    |FM_Synth_mul_32s_lbW_U27   |FM_Synth_mul_32s_lbW     |        0|      4|   165|    50|
    |FM_Synth_mul_34nshbi_U18   |FM_Synth_mul_34nshbi     |        0|      4|   173|    54|
    |FM_Synth_mul_34nshbi_U29   |FM_Synth_mul_34nshbi     |        0|      4|   173|    54|
    |FM_Synth_sdiv_32njbC_U20   |FM_Synth_sdiv_32njbC     |        0|      0|  2283|  1738|
    |FM_Synth_sdiv_32nkbM_U21   |FM_Synth_sdiv_32nkbM     |        0|      0|  2283|  1738|
    |FM_Synth_sdiv_32nkbM_U22   |FM_Synth_sdiv_32nkbM     |        0|      0|  2283|  1738|
    |FM_Synth_sitofp_3eOg_U11   |FM_Synth_sitofp_3eOg     |        0|      0|   168|   534|
    |FM_Synth_sitofp_3eOg_U13   |FM_Synth_sitofp_3eOg     |        0|      0|   168|   534|
    |FM_Synth_sitofp_3eOg_U14   |FM_Synth_sitofp_3eOg     |        0|      0|   168|   534|
    |FM_Synth_sitofp_3fYi_U12   |FM_Synth_sitofp_3fYi     |        0|      0|   168|   534|
    |FM_Synth_sitofp_3fYi_U15   |FM_Synth_sitofp_3fYi     |        0|      0|   168|   534|
    |FM_Synth_srem_32nibs_U19   |FM_Synth_srem_32nibs     |        0|      0|  2283|  1738|
    |FM_Synth_srem_32nibs_U30   |FM_Synth_srem_32nibs     |        0|      0|  2283|  1738|
    |FM_Synth_srem_32nmb6_U28   |FM_Synth_srem_32nmb6     |        0|      0|  2283|  1738|
    |FM_Synth_srem_32nmb6_U31   |FM_Synth_srem_32nmb6     |        0|      0|  2283|  1738|
    +---------------------------+-------------------------+---------+-------+------+------+
    |Total                      |                         |        0|     55| 20027| 19356|
    +---------------------------+-------------------------+---------+-------+------+------+

    * DSP48: 
    +--------------------------+----------------------+--------------+
    |         Instance         |        Module        |  Expression  |
    +--------------------------+----------------------+--------------+
    |FM_Synth_mac_mulancg_U32  |FM_Synth_mac_mulancg  | i0 + i1 * i2 |
    |FM_Synth_mac_mulancg_U33  |FM_Synth_mac_mulancg  | i0 + i1 * i2 |
    +--------------------------+----------------------+--------------+

    * Memory: 
    +---------------+----------------------+---------+----+----+------+-----+------+-------------+
    |     Memory    |        Module        | BRAM_18K| FF | LUT| Words| Bits| Banks| W*Bits*Banks|
    +---------------+----------------------+---------+----+----+------+-----+------+-------------+
    |Conversion_U   |FM_Synth_Conversion   |        0|  64|   6|    12|   32|     1|          384|
    |mask_table1_U  |FM_Synth_mask_tabbkb  |        2|   0|   0|    64|   52|     1|         3328|
    |notes_U        |FM_Synth_notes        |       16|   0|   0|  5244|   32|     1|       167808|
    |sizes_U        |FM_Synth_sizes        |        0|  18|   2|    12|    9|     1|          108|
    +---------------+----------------------+---------+----+----+------+-----+------+-------------+
    |Total          |                      |       18|  82|   8|  5332|  125|     4|       171628|
    +---------------+----------------------+---------+----+----+------+-----+------+-------------+

    * FIFO: 
    N/A

    * Expression: 
    +--------------------------------------+----------+-------+-----+-----+------------+------------+
    |             Variable Name            | Operation| DSP48E|  FF | LUT | Bitwidth P0| Bitwidth P1|
    +--------------------------------------+----------+-------+-----+-----+------------+------------+
    |gepindex3_fu_1861_p2                  |     +    |      0|   56|   22|           5|          17|
    |gepindex_fu_1374_p2                   |     +    |      0|   56|   22|           5|          17|
    |grp_fu_789_p0                         |     +    |      0|  101|   37|          32|          32|
    |mem_index_gep2_fu_1340_p2             |     +    |      0|   47|   19|          14|          14|
    |mem_index_gep3_fu_1827_p2             |     +    |      0|   47|   19|          14|          14|
    |p_Val2_20_fu_1528_p2                  |     +    |      0|  197|   69|          64|          64|
    |p_Val2_5_fu_971_p2                    |     +    |      0|  197|   69|          64|          64|
    |releaseDuration_assi_fu_585_p2        |     +    |      0|  101|   37|           1|          32|
    |sh_assign_2_fu_1698_p2                |     +    |      0|   41|   17|          11|          12|
    |sh_assign_fu_1141_p2                  |     +    |      0|   41|   17|          11|          12|
    |sustainDuration_assi_fu_580_p2        |     +    |      0|  101|   37|           1|          32|
    |tmp_29_i_fu_822_p2                    |     +    |      0|    0|   32|          32|          32|
    |tmp_37_fu_613_p2                      |     +    |      0|  101|   37|           1|          32|
    |tmp_6_fu_658_p2                       |     +    |      0|   92|   34|           1|          29|
    |tmp_8_fu_1321_p2                      |     +    |      0|   92|   34|           1|          29|
    |grp_fu_531_p0                         |     -    |      0|  101|   37|          32|           2|
    |grp_fu_531_p1                         |     -    |      0|  101|   37|          32|          32|
    |grp_fu_543_p1                         |     -    |      0|  101|   37|          32|          32|
    |neg_mul3_fu_625_p2                    |     -    |      0|  200|   70|           1|          65|
    |neg_mul_fu_1288_p2                    |     -    |      0|  200|   70|           1|          65|
    |neg_ti8_fu_646_p2                     |     -    |      0|   92|   34|           1|          29|
    |neg_ti_fu_1309_p2                     |     -    |      0|   92|   34|           1|          29|
    |resultAmplitude_1_fu_811_p2           |     -    |      0|  101|   37|          32|          32|
    |resultAmplitude_2_fu_826_p2           |     -    |      0|    0|   32|          32|          32|
    |tmp_13_i_i_i1_fu_1712_p2              |     -    |      0|   38|   16|          10|          11|
    |tmp_13_i_i_i_fu_1155_p2               |     -    |      0|   38|   16|          10|          11|
    |tmp_18_fu_686_p2                      |     -    |      0|  101|   37|           1|          32|
    |tmp_21_i_i_i1_fu_1787_p2              |     -    |      0|  101|   37|           1|          32|
    |tmp_21_i_i_i_fu_1230_p2               |     -    |      0|  101|   37|           1|          32|
    |ap_block_pp0_stage0_flag00001001      |    and   |      0|    0|    2|           1|           1|
    |ap_condition_2721                     |    and   |      0|    0|    2|           1|           1|
    |ap_condition_2724                     |    and   |      0|    0|    2|           1|           1|
    |ap_condition_2733                     |    and   |      0|    0|    2|           1|           1|
    |newNote_V_1_load_A                    |    and   |      0|    0|    2|           1|           1|
    |newNote_V_1_load_B                    |    and   |      0|    0|    2|           1|           1|
    |or_cond_i1_fu_1501_p2                 |    and   |      0|    0|    2|           1|           1|
    |or_cond_i_fu_944_p2                   |    and   |      0|    0|    2|           1|           1|
    |result_V_1_load_A                     |    and   |      0|    0|    2|           1|           1|
    |result_V_1_load_B                     |    and   |      0|    0|    2|           1|           1|
    |sel_tmp1_i1_fu_1603_p2                |    and   |      0|    0|    2|           1|           1|
    |sel_tmp1_i_fu_1046_p2                 |    and   |      0|    0|    2|           1|           1|
    |sel_tmp2_fu_714_p2                    |    and   |      0|    0|    2|           1|           1|
    |sel_tmp3_fu_747_p2                    |    and   |      0|    0|    2|           1|           1|
    |sel_tmp8_i1_fu_1637_p2                |    and   |      0|    0|    2|           1|           1|
    |sel_tmp8_i_fu_1080_p2                 |    and   |      0|    0|    2|           1|           1|
    |sel_tmp9_fu_736_p2                    |    and   |      0|    0|    2|           1|           1|
    |xs_sig_V_9_fu_1578_p2                 |    and   |      0|    0|   52|          52|          52|
    |xs_sig_V_fu_1021_p2                   |    and   |      0|    0|   52|          52|          52|
    |addrCmp1_fu_1856_p2                   |   icmp   |      0|    0|    7|          14|          13|
    |addrCmp_fu_1369_p2                    |   icmp   |      0|    0|    7|          14|          13|
    |icmp1_fu_1843_p2                      |   icmp   |      0|    0|    6|          11|           1|
    |icmp_fu_1356_p2                       |   icmp   |      0|    0|    6|          11|           1|
    |newNote_V_1_state_cmp_full            |   icmp   |      0|    0|    1|           2|           1|
    |result_V_1_state_cmp_full             |   icmp   |      0|    0|    1|           2|           1|
    |tmp_19_fu_549_p2                      |   icmp   |      0|    0|   16|          32|           1|
    |tmp_25_i_fu_703_p2                    |   icmp   |      0|    0|   16|          32|          32|
    |tmp_26_i_fu_607_p2                    |   icmp   |      0|    0|   16|          32|          32|
    |tmp_3_i1_fu_1486_p2                   |   icmp   |      0|    0|    6|          11|          11|
    |tmp_3_i_fu_929_p2                     |   icmp   |      0|    0|    6|          11|          11|
    |tmp_4_fu_479_p2                       |   icmp   |      0|    0|    1|           2|           1|
    |tmp_4_i1_fu_1491_p2                   |   icmp   |      0|    0|   29|          52|           1|
    |tmp_4_i_fu_934_p2                     |   icmp   |      0|    0|   29|          52|           1|
    |tmp_9_i1_fu_1496_p2                   |   icmp   |      0|    0|    6|          11|           1|
    |tmp_9_i_fu_939_p2                     |   icmp   |      0|    0|    6|          11|           1|
    |tmp_i1_fu_924_p2                      |   icmp   |      0|    0|    6|          11|          10|
    |tmp_i2_fu_1481_p2                     |   icmp   |      0|    0|    6|          11|          10|
    |tmp_i_43_fu_602_p2                    |   icmp   |      0|    0|   16|          32|          32|
    |tmp_i_fu_698_p2                       |   icmp   |      0|    0|   16|          32|          32|
    |tmp_s_fu_465_p2                       |   icmp   |      0|    0|   16|          32|           1|
    |tmp_15_i_i_i1_fu_1742_p2              |   lshr   |      0|  143|  162|          54|          54|
    |tmp_15_i_i_i_fu_1185_p2               |   lshr   |      0|  143|  162|          54|          54|
    |ap_block_pp0_stage0_flag00011001      |    or    |      0|    0|    2|           1|           1|
    |ap_block_state151_io                  |    or    |      0|    0|    2|           1|           1|
    |ap_block_state152_io                  |    or    |      0|    0|    2|           1|           1|
    |ap_block_state152_pp0_stage0_iter151  |    or    |      0|    0|    2|           1|           1|
    |or_cond1_fu_863_p2                    |    or    |      0|    0|    2|           1|           1|
    |or_cond2_fu_867_p2                    |    or    |      0|    0|    2|           1|           1|
    |or_cond_fu_753_p2                     |    or    |      0|    0|    2|           1|           1|
    |sel_tmp5_demorgan_i1_fu_1617_p2       |    or    |      0|    0|    2|           1|           1|
    |sel_tmp5_demorgan_i_fu_1060_p2        |    or    |      0|    0|    2|           1|           1|
    |sel_tmp6_demorgan_fu_719_p2           |    or    |      0|    0|    2|           1|           1|
    |sel_tmp8_demorgan_fu_724_p2           |    or    |      0|    0|    2|           1|           1|
    |sel_tmp_i1_fu_1598_p2                 |    or    |      0|    0|    2|           1|           1|
    |sel_tmp_i_fu_1041_p2                  |    or    |      0|    0|    2|           1|           1|
    |xs_sign_V_10_fu_1562_p2               |    or    |      0|    0|    2|           1|           1|
    |xs_sign_V_9_fu_1005_p2                |    or    |      0|    0|    2|           1|           1|
    |gepindex1_fu_1380_p3                  |  select  |      0|    0|   17|           1|          17|
    |gepindex2_fu_1387_p3                  |  select  |      0|    0|   17|           1|          17|
    |gepindex4_fu_1867_p3                  |  select  |      0|    0|   17|           1|          17|
    |gepindex5_fu_1874_p3                  |  select  |      0|    0|   17|           1|          17|
    |grp_fu_1251_p0                        |  select  |      0|    0|   32|           1|          32|
    |grp_fu_1808_p0                        |  select  |      0|    0|   32|           1|          32|
    |newSel1_fu_837_p3                     |  select  |      0|    0|   32|           1|          32|
    |newSel2_fu_842_p3                     |  select  |      0|    0|   32|           1|          32|
    |newSel_fu_831_p3                      |  select  |      0|    0|   32|           1|          32|
    |p_Val2_11_fu_1219_p3                  |  select  |      0|    0|   31|           1|          31|
    |p_Val2_26_fu_1776_p3                  |  select  |      0|    0|   31|           1|          31|
    |p_v9_v_fu_1303_p3                     |  select  |      0|    0|   29|           1|          29|
    |p_v_v_fu_640_p3                       |  select  |      0|    0|   29|           1|          29|
    |releaseDuration_assi_1_fu_596_p3      |  select  |      0|    0|   32|           1|          32|
    |sel_tmp2_i1_fu_1609_p3                |  select  |      0|    0|   64|           1|          64|
    |sel_tmp2_i_fu_1052_p3                 |  select  |      0|    0|   64|           1|          64|
    |sel_tmp6_i1_fu_1623_p3                |  select  |      0|    0|   64|           1|          64|
    |sel_tmp6_i_fu_1066_p3                 |  select  |      0|    0|   64|           1|          64|
    |sh_assign_1_fu_1165_p3                |  select  |      0|    0|   12|           1|          12|
    |sh_assign_3_fu_1722_p3                |  select  |      0|    0|   12|           1|          12|
    |sustainDuration_assi_1_fu_590_p3      |  select  |      0|    0|   32|           1|          32|
    |tmp_34_fu_1315_p3                     |  select  |      0|    0|   29|           1|          29|
    |tmp_35_fu_872_p3                      |  select  |      0|    0|   32|           1|          32|
    |tmp_5_fu_652_p3                       |  select  |      0|    0|   29|           1|          29|
    |x_assign_1_fu_1086_p3                 |  select  |      0|    0|   64|           1|          64|
    |x_assign_3_fu_1643_p3                 |  select  |      0|    0|   64|           1|          64|
    |xs_exp_V_7_fu_999_p3                  |  select  |      0|    0|   11|           1|          11|
    |xs_exp_V_8_fu_1556_p3                 |  select  |      0|    0|   11|           1|          11|
    |xs_sig_V_1_fu_1010_p3                 |  select  |      0|    0|   52|           1|          52|
    |xs_sig_V_4_fu_1567_p3                 |  select  |      0|    0|   52|           1|          52|
    |tmp_16_i_i_i1_fu_1748_p2              |    shl   |      0|  315|  474|         137|         137|
    |tmp_16_i_i_i_fu_1191_p2               |    shl   |      0|  315|  474|         137|         137|
    |ap_enable_pp0                         |    xor   |      0|    0|    2|           1|           2|
    |sel_tmp1_fu_708_p2                    |    xor   |      0|    0|    2|           1|           2|
    |sel_tmp7_i1_fu_1631_p2                |    xor   |      0|    0|    2|           1|           2|
    |sel_tmp7_i_fu_1074_p2                 |    xor   |      0|    0|    2|           1|           2|
    |sel_tmp8_fu_730_p2                    |    xor   |      0|    0|    2|           1|           2|
    |sel_tmp_fu_741_p2                     |    xor   |      0|    0|    2|           1|           2|
    |tmp_5_i1_fu_1573_p2                   |    xor   |      0|    0|   52|          52|           2|
    |tmp_5_i_fu_1016_p2                    |    xor   |      0|    0|   52|          52|           2|
    +--------------------------------------+----------+-------+-----+-----+------------+------------+
    |Total                                 |          |      0| 3553| 3844|        1520|        2645|
    +--------------------------------------+----------+-------+-----+-----+------------+------------+

    * Multiplexer: 
    +----------------------------------------------------+----+-----------+-----+-----------+
    |                        Name                        | LUT| Input Size| Bits| Total Bits|
    +----------------------------------------------------+----+-----------+-----+-----------+
    |ap_phi_precharge_reg_pp0_iter1_time_assign_reg_389  |   9|          2|   32|         64|
    |newNote_V_1_data_out                                |   9|          2|   32|         64|
    |newNote_V_1_state                                   |  13|          3|    2|          6|
    |newNote_V_TDATA_blk_n                               |   9|          2|    1|          2|
    |result_V_1_data_out                                 |   9|          2|   32|         64|
    |result_V_1_state                                    |  13|          3|    2|          6|
    |result_V_TDATA_blk_n                                |   9|          2|    1|          2|
    |storemerge_phi_fu_381_p4                            |  13|          3|    1|          3|
    |time_assign_phi_fu_393_p4                           |   9|          2|   32|         64|
    |time_assign_reg_389                                 |   9|          2|   32|         64|
    +----------------------------------------------------+----+-----------+-----+-----------+
    |Total                                               | 102|         23|  167|        339|
    +----------------------------------------------------+----+-----------+-----+-----------+

    * Register: 
    +----------------------------------------------------+----+-----+-----+-----------+
    |                        Name                        | FF | LUT | Bits| Const Bits|
    +----------------------------------------------------+----+-----+-----+-----------+
    |MAX_ATTACK                                          |   0|    0|   32|         32|
    |ap_CS_fsm                                           |   1|    0|    1|          0|
    |ap_enable_reg_pp0_iter1                             |   1|    0|    1|          0|
    |ap_enable_reg_pp0_iter10                            |   1|    0|    1|          0|
    |ap_enable_reg_pp0_iter100                           |   1|    0|    1|          0|
    |ap_enable_reg_pp0_iter101                           |   1|    0|    1|          0|
    |ap_enable_reg_pp0_iter102                           |   1|    0|    1|          0|
    |ap_enable_reg_pp0_iter103                           |   1|    0|    1|          0|
    |ap_enable_reg_pp0_iter104                           |   1|    0|    1|          0|
    |ap_enable_reg_pp0_iter105                           |   1|    0|    1|          0|
    |ap_enable_reg_pp0_iter106                           |   1|    0|    1|          0|
    |ap_enable_reg_pp0_iter107                           |   1|    0|    1|          0|
    |ap_enable_reg_pp0_iter108                           |   1|    0|    1|          0|
    |ap_enable_reg_pp0_iter109                           |   1|    0|    1|          0|
    |ap_enable_reg_pp0_iter11                            |   1|    0|    1|          0|
    |ap_enable_reg_pp0_iter110                           |   1|    0|    1|          0|
    |ap_enable_reg_pp0_iter111                           |   1|    0|    1|          0|
    |ap_enable_reg_pp0_iter112                           |   1|    0|    1|          0|
    |ap_enable_reg_pp0_iter113                           |   1|    0|    1|          0|
    |ap_enable_reg_pp0_iter114                           |   1|    0|    1|          0|
    |ap_enable_reg_pp0_iter115                           |   1|    0|    1|          0|
    |ap_enable_reg_pp0_iter116                           |   1|    0|    1|          0|
    |ap_enable_reg_pp0_iter117                           |   1|    0|    1|          0|
    |ap_enable_reg_pp0_iter118                           |   1|    0|    1|          0|
    |ap_enable_reg_pp0_iter119                           |   1|    0|    1|          0|
    |ap_enable_reg_pp0_iter12                            |   1|    0|    1|          0|
    |ap_enable_reg_pp0_iter120                           |   1|    0|    1|          0|
    |ap_enable_reg_pp0_iter121                           |   1|    0|    1|          0|
    |ap_enable_reg_pp0_iter122                           |   1|    0|    1|          0|
    |ap_enable_reg_pp0_iter123                           |   1|    0|    1|          0|
    |ap_enable_reg_pp0_iter124                           |   1|    0|    1|          0|
    |ap_enable_reg_pp0_iter125                           |   1|    0|    1|          0|
    |ap_enable_reg_pp0_iter126                           |   1|    0|    1|          0|
    |ap_enable_reg_pp0_iter127                           |   1|    0|    1|          0|
    |ap_enable_reg_pp0_iter128                           |   1|    0|    1|          0|
    |ap_enable_reg_pp0_iter129                           |   1|    0|    1|          0|
    |ap_enable_reg_pp0_iter13                            |   1|    0|    1|          0|
    |ap_enable_reg_pp0_iter130                           |   1|    0|    1|          0|
    |ap_enable_reg_pp0_iter131                           |   1|    0|    1|          0|
    |ap_enable_reg_pp0_iter132                           |   1|    0|    1|          0|
    |ap_enable_reg_pp0_iter133                           |   1|    0|    1|          0|
    |ap_enable_reg_pp0_iter134                           |   1|    0|    1|          0|
    |ap_enable_reg_pp0_iter135                           |   1|    0|    1|          0|
    |ap_enable_reg_pp0_iter136                           |   1|    0|    1|          0|
    |ap_enable_reg_pp0_iter137                           |   1|    0|    1|          0|
    |ap_enable_reg_pp0_iter138                           |   1|    0|    1|          0|
    |ap_enable_reg_pp0_iter139                           |   1|    0|    1|          0|
    |ap_enable_reg_pp0_iter14                            |   1|    0|    1|          0|
    |ap_enable_reg_pp0_iter140                           |   1|    0|    1|          0|
    |ap_enable_reg_pp0_iter141                           |   1|    0|    1|          0|
    |ap_enable_reg_pp0_iter142                           |   1|    0|    1|          0|
    |ap_enable_reg_pp0_iter143                           |   1|    0|    1|          0|
    |ap_enable_reg_pp0_iter144                           |   1|    0|    1|          0|
    |ap_enable_reg_pp0_iter145                           |   1|    0|    1|          0|
    |ap_enable_reg_pp0_iter146                           |   1|    0|    1|          0|
    |ap_enable_reg_pp0_iter147                           |   1|    0|    1|          0|
    |ap_enable_reg_pp0_iter148                           |   1|    0|    1|          0|
    |ap_enable_reg_pp0_iter149                           |   1|    0|    1|          0|
    |ap_enable_reg_pp0_iter15                            |   1|    0|    1|          0|
    |ap_enable_reg_pp0_iter150                           |   1|    0|    1|          0|
    |ap_enable_reg_pp0_iter151                           |   1|    0|    1|          0|
    |ap_enable_reg_pp0_iter16                            |   1|    0|    1|          0|
    |ap_enable_reg_pp0_iter17                            |   1|    0|    1|          0|
    |ap_enable_reg_pp0_iter18                            |   1|    0|    1|          0|
    |ap_enable_reg_pp0_iter19                            |   1|    0|    1|          0|
    |ap_enable_reg_pp0_iter2                             |   1|    0|    1|          0|
    |ap_enable_reg_pp0_iter20                            |   1|    0|    1|          0|
    |ap_enable_reg_pp0_iter21                            |   1|    0|    1|          0|
    |ap_enable_reg_pp0_iter22                            |   1|    0|    1|          0|
    |ap_enable_reg_pp0_iter23                            |   1|    0|    1|          0|
    |ap_enable_reg_pp0_iter24                            |   1|    0|    1|          0|
    |ap_enable_reg_pp0_iter25                            |   1|    0|    1|          0|
    |ap_enable_reg_pp0_iter26                            |   1|    0|    1|          0|
    |ap_enable_reg_pp0_iter27                            |   1|    0|    1|          0|
    |ap_enable_reg_pp0_iter28                            |   1|    0|    1|          0|
    |ap_enable_reg_pp0_iter29                            |   1|    0|    1|          0|
    |ap_enable_reg_pp0_iter3                             |   1|    0|    1|          0|
    |ap_enable_reg_pp0_iter30                            |   1|    0|    1|          0|
    |ap_enable_reg_pp0_iter31                            |   1|    0|    1|          0|
    |ap_enable_reg_pp0_iter32                            |   1|    0|    1|          0|
    |ap_enable_reg_pp0_iter33                            |   1|    0|    1|          0|
    |ap_enable_reg_pp0_iter34                            |   1|    0|    1|          0|
    |ap_enable_reg_pp0_iter35                            |   1|    0|    1|          0|
    |ap_enable_reg_pp0_iter36                            |   1|    0|    1|          0|
    |ap_enable_reg_pp0_iter37                            |   1|    0|    1|          0|
    |ap_enable_reg_pp0_iter38                            |   1|    0|    1|          0|
    |ap_enable_reg_pp0_iter39                            |   1|    0|    1|          0|
    |ap_enable_reg_pp0_iter4                             |   1|    0|    1|          0|
    |ap_enable_reg_pp0_iter40                            |   1|    0|    1|          0|
    |ap_enable_reg_pp0_iter41                            |   1|    0|    1|          0|
    |ap_enable_reg_pp0_iter42                            |   1|    0|    1|          0|
    |ap_enable_reg_pp0_iter43                            |   1|    0|    1|          0|
    |ap_enable_reg_pp0_iter44                            |   1|    0|    1|          0|
    |ap_enable_reg_pp0_iter45                            |   1|    0|    1|          0|
    |ap_enable_reg_pp0_iter46                            |   1|    0|    1|          0|
    |ap_enable_reg_pp0_iter47                            |   1|    0|    1|          0|
    |ap_enable_reg_pp0_iter48                            |   1|    0|    1|          0|
    |ap_enable_reg_pp0_iter49                            |   1|    0|    1|          0|
    |ap_enable_reg_pp0_iter5                             |   1|    0|    1|          0|
    |ap_enable_reg_pp0_iter50                            |   1|    0|    1|          0|
    |ap_enable_reg_pp0_iter51                            |   1|    0|    1|          0|
    |ap_enable_reg_pp0_iter52                            |   1|    0|    1|          0|
    |ap_enable_reg_pp0_iter53                            |   1|    0|    1|          0|
    |ap_enable_reg_pp0_iter54                            |   1|    0|    1|          0|
    |ap_enable_reg_pp0_iter55                            |   1|    0|    1|          0|
    |ap_enable_reg_pp0_iter56                            |   1|    0|    1|          0|
    |ap_enable_reg_pp0_iter57                            |   1|    0|    1|          0|
    |ap_enable_reg_pp0_iter58                            |   1|    0|    1|          0|
    |ap_enable_reg_pp0_iter59                            |   1|    0|    1|          0|
    |ap_enable_reg_pp0_iter6                             |   1|    0|    1|          0|
    |ap_enable_reg_pp0_iter60                            |   1|    0|    1|          0|
    |ap_enable_reg_pp0_iter61                            |   1|    0|    1|          0|
    |ap_enable_reg_pp0_iter62                            |   1|    0|    1|          0|
    |ap_enable_reg_pp0_iter63                            |   1|    0|    1|          0|
    |ap_enable_reg_pp0_iter64                            |   1|    0|    1|          0|
    |ap_enable_reg_pp0_iter65                            |   1|    0|    1|          0|
    |ap_enable_reg_pp0_iter66                            |   1|    0|    1|          0|
    |ap_enable_reg_pp0_iter67                            |   1|    0|    1|          0|
    |ap_enable_reg_pp0_iter68                            |   1|    0|    1|          0|
    |ap_enable_reg_pp0_iter69                            |   1|    0|    1|          0|
    |ap_enable_reg_pp0_iter7                             |   1|    0|    1|          0|
    |ap_enable_reg_pp0_iter70                            |   1|    0|    1|          0|
    |ap_enable_reg_pp0_iter71                            |   1|    0|    1|          0|
    |ap_enable_reg_pp0_iter72                            |   1|    0|    1|          0|
    |ap_enable_reg_pp0_iter73                            |   1|    0|    1|          0|
    |ap_enable_reg_pp0_iter74                            |   1|    0|    1|          0|
    |ap_enable_reg_pp0_iter75                            |   1|    0|    1|          0|
    |ap_enable_reg_pp0_iter76                            |   1|    0|    1|          0|
    |ap_enable_reg_pp0_iter77                            |   1|    0|    1|          0|
    |ap_enable_reg_pp0_iter78                            |   1|    0|    1|          0|
    |ap_enable_reg_pp0_iter79                            |   1|    0|    1|          0|
    |ap_enable_reg_pp0_iter8                             |   1|    0|    1|          0|
    |ap_enable_reg_pp0_iter80                            |   1|    0|    1|          0|
    |ap_enable_reg_pp0_iter81                            |   1|    0|    1|          0|
    |ap_enable_reg_pp0_iter82                            |   1|    0|    1|          0|
    |ap_enable_reg_pp0_iter83                            |   1|    0|    1|          0|
    |ap_enable_reg_pp0_iter84                            |   1|    0|    1|          0|
    |ap_enable_reg_pp0_iter85                            |   1|    0|    1|          0|
    |ap_enable_reg_pp0_iter86                            |   1|    0|    1|          0|
    |ap_enable_reg_pp0_iter87                            |   1|    0|    1|          0|
    |ap_enable_reg_pp0_iter88                            |   1|    0|    1|          0|
    |ap_enable_reg_pp0_iter89                            |   1|    0|    1|          0|
    |ap_enable_reg_pp0_iter9                             |   1|    0|    1|          0|
    |ap_enable_reg_pp0_iter90                            |   1|    0|    1|          0|
    |ap_enable_reg_pp0_iter91                            |   1|    0|    1|          0|
    |ap_enable_reg_pp0_iter92                            |   1|    0|    1|          0|
    |ap_enable_reg_pp0_iter93                            |   1|    0|    1|          0|
    |ap_enable_reg_pp0_iter94                            |   1|    0|    1|          0|
    |ap_enable_reg_pp0_iter95                            |   1|    0|    1|          0|
    |ap_enable_reg_pp0_iter96                            |   1|    0|    1|          0|
    |ap_enable_reg_pp0_iter97                            |   1|    0|    1|          0|
    |ap_enable_reg_pp0_iter98                            |   1|    0|    1|          0|
    |ap_enable_reg_pp0_iter99                            |   1|    0|    1|          0|
    |ap_phi_precharge_reg_pp0_iter1_time_assign_reg_389  |  32|    0|   32|          0|
    |ap_reg_pp0_iter107_loc_V_6_reg_2375                 |  11|    0|   11|          0|
    |ap_reg_pp0_iter107_loc_V_7_reg_2383                 |  52|    0|   52|          0|
    |ap_reg_pp0_iter107_p_Result_23_reg_2366             |   1|    0|    1|          0|
    |ap_reg_pp0_iter107_tmp_54_reg_2394                  |  63|    0|   63|          0|
    |ap_reg_pp0_iter107_x_assign_2_reg_2361              |  64|    0|   64|          0|
    |ap_reg_pp0_iter1_tmp_1_reg_1984                     |   1|    0|    1|          0|
    |ap_reg_pp0_iter48_loc_V_1_reg_2200                  |  52|    0|   52|          0|
    |ap_reg_pp0_iter48_loc_V_reg_2192                    |  11|    0|   11|          0|
    |ap_reg_pp0_iter48_p_Result_s_reg_2183               |   1|    0|    1|          0|
    |ap_reg_pp0_iter48_tmp_43_reg_2211                   |  63|    0|   63|          0|
    |ap_reg_pp0_iter48_x_assign_reg_2178                 |  64|    0|   64|          0|
    |ap_reg_pp0_iter56_tmp_7_reg_2252                    |   1|    0|    1|          0|
    |attackDuration_read_reg_1927                        |  32|    0|   32|          0|
    |attackSlope                                         |  32|    0|   32|          0|
    |car_octave                                          |  29|    0|   29|          0|
    |car_size                                            |   9|    0|    9|          0|
    |carrier_conversion                                  |  32|    0|   32|          0|
    |carrier_phase_read_reg_1939                         |  32|    0|   32|          0|
    |carrier_wave_read_reg_1944                          |  32|    0|   32|          0|
    |carrier_wave_values_s                               |  14|    0|   14|          0|
    |change                                              |   1|    0|   32|         31|
    |change_load_reg_1970                                |   1|    0|   32|         31|
    |decayDuration_read_reg_1922                         |  32|    0|   32|          0|
    |decaySlope                                          |  32|    0|   32|          0|
    |icmp1_reg_2436                                      |   1|    0|    1|          0|
    |icmp_reg_2280                                       |   1|    0|    1|          0|
    |loc_V_1_reg_2200                                    |  52|    0|   52|          0|
    |loc_V_6_reg_2375                                    |  11|    0|   11|          0|
    |loc_V_7_reg_2383                                    |  52|    0|   52|          0|
    |loc_V_reg_2192                                      |  11|    0|   11|          0|
    |mask_1_reg_2399                                     |  52|    0|   52|          0|
    |mask_reg_2216                                       |  52|    0|   52|          0|
    |mem_index_gep2_reg_2274                             |  14|    0|   14|          0|
    |mem_index_gep3_reg_2430                             |  14|    0|   14|          0|
    |modWaveResult_reg_2290                              |  32|    0|   32|          0|
    |mod_octave                                          |  29|    0|   29|          0|
    |mod_size                                            |   9|    0|    9|          0|
    |modulator_conversion                                |  32|    0|   32|          0|
    |modulator_phase_read_reg_1956                       |  32|    0|   32|          0|
    |modulator_wave_value                                |  14|    0|   14|          0|
    |mul2_reg_2011                                       |  65|    0|   65|          0|
    |mul_reg_2258                                        |  65|    0|   65|          0|
    |newNote_V_1_payload_A                               |  32|    0|   32|          0|
    |newNote_V_1_payload_B                               |  32|    0|   32|          0|
    |newNote_V_1_sel_rd                                  |   1|    0|    1|          0|
    |newNote_V_1_sel_wr                                  |   1|    0|    1|          0|
    |newNote_V_1_state                                   |   2|    0|    2|          0|
    |newSel2_reg_2132                                    |  32|    0|   32|          0|
    |notes_load_reg_2446                                 |  32|    0|   32|          0|
    |or_cond_reg_2075                                    |   1|    0|    1|          0|
    |p_Result_23_reg_2366                                |   1|    0|    1|          0|
    |p_Result_43_reg_2227                                |   1|    0|    1|          0|
    |p_Result_48_reg_2410                                |   1|    0|    1|          0|
    |p_Result_s_reg_2183                                 |   1|    0|    1|          0|
    |p_Val2_11_reg_2232                                  |  31|    0|   31|          0|
    |p_Val2_26_reg_2415                                  |  31|    0|   31|          0|
    |position                                            |  32|    0|   32|          0|
    |releaseDuration_read_reg_1903                       |  32|    0|   32|          0|
    |releaseSlope                                        |  32|    0|   32|          0|
    |resultAmplitude_1_reg_2112                          |  32|    0|   32|          0|
    |resultAmplitude_reg_2107                            |  32|    0|   32|          0|
    |result_V_1_payload_A                                |  32|    0|   32|          0|
    |result_V_1_payload_B                                |  32|    0|   32|          0|
    |result_V_1_sel_rd                                   |   1|    0|    1|          0|
    |result_V_1_sel_wr                                   |   1|    0|    1|          0|
    |result_V_1_state                                    |   2|    0|    2|          0|
    |scale_factor_read_reg_1951                          |  32|    0|   32|          0|
    |sel_tmp2_reg_2064                                   |   1|    0|    1|          0|
    |sel_tmp3_reg_2070                                   |   1|    0|    1|          0|
    |sizes_load_1_reg_2310                               |   9|    0|    9|          0|
    |sizes_load_reg_2081                                 |   9|    0|    9|          0|
    |sustainAmplitude_rea_reg_1915                       |  32|    0|   32|          0|
    |sustainDuration_assi_1_reg_2022                     |  32|    0|   32|          0|
    |sustainDuration_read_reg_1909                       |  32|    0|   32|          0|
    |time_assign_reg_389                                 |  32|    0|   32|          0|
    |tmp_19_reg_2005                                     |   1|    0|    1|          0|
    |tmp_1_reg_1984                                      |   1|    0|    1|          0|
    |tmp_20_reg_2158                                     |  32|    0|   32|          0|
    |tmp_21_reg_2137                                     |  32|    0|   32|          0|
    |tmp_22_reg_2142                                     |  32|    0|   32|          0|
    |tmp_23_reg_2163                                     |  32|    0|   32|          0|
    |tmp_24_reg_2173                                     |  32|    0|   32|          0|
    |tmp_26_i_reg_2034                                   |   1|    0|    1|          0|
    |tmp_26_reg_2263                                     |  29|    0|   29|          0|
    |tmp_27_i_reg_2117                                   |  32|    0|   32|          0|
    |tmp_27_reg_2346                                     |  32|    0|   32|          0|
    |tmp_28_i_reg_2122                                   |  32|    0|   32|          0|
    |tmp_28_reg_2315                                     |  32|    0|   32|          0|
    |tmp_29_reg_2326                                     |  32|    0|   32|          0|
    |tmp_30_reg_2331                                     |  32|    0|   32|          0|
    |tmp_31_reg_2336                                     |  32|    0|   32|          0|
    |tmp_32_reg_2351                                     |  32|    0|   32|          0|
    |tmp_33_reg_2356                                     |  32|    0|   32|          0|
    |tmp_35_reg_2168                                     |  32|    0|   32|          0|
    |tmp_36_reg_2044                                     |  14|    0|   14|          0|
    |tmp_38_reg_2153                                     |  32|    0|   32|          0|
    |tmp_39_reg_2295                                     |  14|    0|   14|          0|
    |tmp_3_reg_2016                                      |  29|    0|   29|          0|
    |tmp_43_reg_2211                                     |  63|    0|   63|          0|
    |tmp_4_reg_1975                                      |   1|    0|    1|          0|
    |tmp_54_reg_2394                                     |  63|    0|   63|          0|
    |tmp_6_reg_2039                                      |  29|    0|   29|          0|
    |tmp_7_reg_2252                                      |   1|    0|    1|          0|
    |tmp_8_reg_2269                                      |  29|    0|   29|          0|
    |tmp_i_43_reg_2028                                   |   1|    0|    1|          0|
    |tmp_i_reg_2059                                      |   1|    0|    1|          0|
    |tmp_s_reg_1966                                      |   1|    0|    1|          0|
    |x_assign_1_reg_2222                                 |  64|    0|   64|          0|
    |x_assign_2_reg_2361                                 |  64|    0|   64|          0|
    |x_assign_3_reg_2405                                 |  64|    0|   64|          0|
    |x_assign_reg_2178                                   |  64|    0|   64|          0|
    |attackDuration_read_reg_1927                        |  64|   64|   32|          0|
    |carrier_phase_read_reg_1939                         |  64|  121|   32|          0|
    |carrier_wave_read_reg_1944                          |  64|  117|   32|          0|
    |change_load_reg_1970                                |  64|  128|   32|         31|
    |modulator_phase_read_reg_1956                       |  64|   64|   32|          0|
    |or_cond_reg_2075                                    |  64|   32|    1|          0|
    |scale_factor_read_reg_1951                          |  64|  118|   32|          0|
    |sel_tmp2_reg_2064                                   |  64|   32|    1|          0|
    |sel_tmp3_reg_2070                                   |  64|   32|    1|          0|
    |sizes_load_1_reg_2310                               |  64|   32|    9|          0|
    |sizes_load_reg_2081                                 |  64|   32|    9|          0|
    |sustainAmplitude_rea_reg_1915                       |  64|   64|   32|          0|
    |sustainDuration_assi_1_reg_2022                     |  64|   56|   32|          0|
    |time_assign_reg_389                                 |  64|   64|   32|          0|
    |tmp_22_reg_2142                                     |  64|   64|   32|          0|
    |tmp_26_i_reg_2034                                   |  64|   40|    1|          0|
    |tmp_35_reg_2168                                     |  64|  128|   32|          0|
    |tmp_36_reg_2044                                     |  64|   64|   14|          0|
    |tmp_39_reg_2295                                     |  64|   64|   14|          0|
    |tmp_4_reg_1975                                      |  64|  128|    1|          0|
    |tmp_6_reg_2039                                      |  64|   64|   29|          0|
    |tmp_8_reg_2269                                      |  64|   64|   29|          0|
    |tmp_i_43_reg_2028                                   |  64|   40|    1|          0|
    |tmp_i_reg_2059                                      |  64|   32|    1|          0|
    |tmp_s_reg_1966                                      |  64|  128|    1|          0|
    +----------------------------------------------------+----+-----+-----+-----------+
    |Total                                               |4637| 1772| 3595|        125|
    +----------------------------------------------------+----+-----+-----+-----------+



================================================================
== Interface
================================================================
* Summary: 
+------------------------+-----+-----+--------------+------------------+--------------+
|        RTL Ports       | Dir | Bits|   Protocol   |   Source Object  |    C Type    |
+------------------------+-----+-----+--------------+------------------+--------------+
|s_axi_CTRL_BUS_AWVALID  |  in |    1|     s_axi    |     CTRL_BUS     |    scalar    |
|s_axi_CTRL_BUS_AWREADY  | out |    1|     s_axi    |     CTRL_BUS     |    scalar    |
|s_axi_CTRL_BUS_AWADDR   |  in |    6|     s_axi    |     CTRL_BUS     |    scalar    |
|s_axi_CTRL_BUS_WVALID   |  in |    1|     s_axi    |     CTRL_BUS     |    scalar    |
|s_axi_CTRL_BUS_WREADY   | out |    1|     s_axi    |     CTRL_BUS     |    scalar    |
|s_axi_CTRL_BUS_WDATA    |  in |   32|     s_axi    |     CTRL_BUS     |    scalar    |
|s_axi_CTRL_BUS_WSTRB    |  in |    4|     s_axi    |     CTRL_BUS     |    scalar    |
|s_axi_CTRL_BUS_ARVALID  |  in |    1|     s_axi    |     CTRL_BUS     |    scalar    |
|s_axi_CTRL_BUS_ARREADY  | out |    1|     s_axi    |     CTRL_BUS     |    scalar    |
|s_axi_CTRL_BUS_ARADDR   |  in |    6|     s_axi    |     CTRL_BUS     |    scalar    |
|s_axi_CTRL_BUS_RVALID   | out |    1|     s_axi    |     CTRL_BUS     |    scalar    |
|s_axi_CTRL_BUS_RREADY   |  in |    1|     s_axi    |     CTRL_BUS     |    scalar    |
|s_axi_CTRL_BUS_RDATA    | out |   32|     s_axi    |     CTRL_BUS     |    scalar    |
|s_axi_CTRL_BUS_RRESP    | out |    2|     s_axi    |     CTRL_BUS     |    scalar    |
|s_axi_CTRL_BUS_BVALID   | out |    1|     s_axi    |     CTRL_BUS     |    scalar    |
|s_axi_CTRL_BUS_BREADY   |  in |    1|     s_axi    |     CTRL_BUS     |    scalar    |
|s_axi_CTRL_BUS_BRESP    | out |    2|     s_axi    |     CTRL_BUS     |    scalar    |
|ap_clk                  |  in |    1| ap_ctrl_none |     FM_Synth     | return value |
|ap_rst_n                |  in |    1| ap_ctrl_none |     FM_Synth     | return value |
|result_V_TDATA          | out |   32|     axis     |     result_V     |    pointer   |
|result_V_TVALID         | out |    1|     axis     |     result_V     |    pointer   |
|result_V_TREADY         |  in |    1|     axis     |     result_V     |    pointer   |
|newNote_V_TDATA         | out |   32|     axis     |     newNote_V    |    pointer   |
|newNote_V_TVALID        | out |    1|     axis     |     newNote_V    |    pointer   |
|newNote_V_TREADY        |  in |    1|     axis     |     newNote_V    |    pointer   |
|press                   |  in |   32|    ap_none   |       press      |    scalar    |
|attackMaximum           |  in |   32|    ap_none   |   attackMaximum  |    scalar    |
|attackDuration          |  in |   32|    ap_none   |  attackDuration  |    scalar    |
|decayDuration           |  in |   32|    ap_none   |   decayDuration  |    scalar    |
|sustainAmplitude        |  in |   32|    ap_none   | sustainAmplitude |    scalar    |
|sustainDuration         |  in |   32|    ap_none   |  sustainDuration |    scalar    |
|releaseDuration         |  in |   32|    ap_none   |  releaseDuration |    scalar    |
+------------------------+-----+-----+--------------+------------------+--------------+

